
> portfolio@0.1.0 build
> next build

Γû▓ Next.js 16.1.6 (Turbopack)
- Environments: .env.local

node.exe : ΓÜá The 
"middleware" file 
convention is 
deprecated. Please 
use "proxy" instead. 
Learn more: https://n
extjs.org/docs/messag
es/middleware-to-prox
y
At line:1 char:1
+ & "C:\Program Files
\nodejs/node.exe" 
"C:\Program 
Files\nodejs/node_mo 
...
+ ~~~~~~~~~~~~~~~~~~~
~~~~~~~~~~~~~~~~~~~~~
~~~~~~~~~~~~~~~~~~~~~
~~~~~~~~
    + CategoryInfo   
           : NotSpe  
  cified: (ΓÜá The   
  "middle...lewar    
e-to-proxy:Strin    
g) [], RemoteExc    
eption
    + FullyQualified 
   ErrorId : Native  
  CommandError
 
  Creating an optimized production build ...
Γ£ô Compiled successfully in 23.4s
  Running TypeScript ...
Failed to compile.

./lib/supabase-client
.ts:1:10
Type error: Module '"
@supabase/auth-helper
s-nextjs"' has no 
exported member 'crea
teClientComponentClie
nt'.

[0m[31m[1m>[22m[
39m[90m 1 |[39m 
[36mimport[39m { cr
eateClientComponentCl
ient } 
[36mfrom[39m [32m'
@supabase/auth-helper
s-nextjs'[39m[33m;
[39m
 [90m   |[39m      
    
[31m[1m^[22m[39m
 [90m 2 |[39m
 [90m 3 |[39m 
[36mexport[39m 
[36mconst[39m 
createClient 
[33m=[39m () 
[33m=>[39m createCl
ientComponentClient()
[33m;[39m
 [90m 4 |[39m[0m
Next.js build worker 
exited with code: 1 
and signal: null
